// Jest Snapshot v1, https://goo.gl/fbAQLP

exports[`>>>Card snapshot capturing snapshot 1`] = `
<div
  className="row mt-2"
  style={
    Object {
      "boxShadow": "4px 4px 10px rgba(0,0,0, 0.25)",
      "padding": "10px",
      "width": "300px",
    }
  }
>
  <div
    className="col"
  />
</div>
`;
